-- The C compiler identification is GNU 13.3.0
-- The CXX compiler identification is GNU 13.3.0
-- Detecting C compiler ABI info
-- Detecting C compiler ABI info - done
-- Check for working C compiler: /usr/bin/cc - skipped
-- Detecting C compile features
-- Detecting C compile features - done
-- Detecting CXX compiler ABI info
-- Detecting CXX compiler ABI info - done
-- Check for working CXX compiler: /usr/bin/c++ - skipped
-- Detecting CXX compile features
-- Detecting CXX compile features - done
-- Found ament_cmake: 2.5.6 (/opt/ros/jazzy/share/ament_cmake/cmake)
-- Found Python3: /usr/bin/python3 (found version "3.12.3") found components: Interpreter 
-- Override CMake install command with custom implementation using symlinks instead of copying resources
-- Found ament_lint_auto: 0.17.5 (/opt/ros/jazzy/share/ament_lint_auto/cmake)
-- Added test 'lint_cmake' to check CMake code style
-- Added test 'xmllint' to check XML markup files
-- Configuring done (1.1s)
-- Generating done (0.0s)
-- Build files have been written to: /home/kabir-arora/rover_ws/build/rover_simulation
-- Install configuration: ""
-- Execute custom install script
-- Symlinking: /home/kabir-arora/rover_ws/install/rover_simulation/share/ament_index/resource_index/package_run_dependencies/rover_simulation
-- Symlinking: /home/kabir-arora/rover_ws/install/rover_simulation/share/ament_index/resource_index/parent_prefix_path/rover_simulation
-- Symlinking: /home/kabir-arora/rover_ws/install/rover_simulation/share/rover_simulation/environment/ament_prefix_path.sh
-- Symlinking: /home/kabir-arora/rover_ws/install/rover_simulation/share/rover_simulation/environment/ament_prefix_path.dsv
-- Symlinking: /home/kabir-arora/rover_ws/install/rover_simulation/share/rover_simulation/environment/path.sh
-- Symlinking: /home/kabir-arora/rover_ws/install/rover_simulation/share/rover_simulation/environment/path.dsv
-- Symlinking: /home/kabir-arora/rover_ws/install/rover_simulation/share/rover_simulation/local_setup.bash
-- Symlinking: /home/kabir-arora/rover_ws/install/rover_simulation/share/rover_simulation/local_setup.sh
-- Symlinking: /home/kabir-arora/rover_ws/install/rover_simulation/share/rover_simulation/local_setup.zsh
-- Symlinking: /home/kabir-arora/rover_ws/install/rover_simulation/share/rover_simulation/local_setup.dsv
-- Symlinking: /home/kabir-arora/rover_ws/install/rover_simulation/share/rover_simulation/package.dsv
-- Symlinking: /home/kabir-arora/rover_ws/install/rover_simulation/share/ament_index/resource_index/packages/rover_simulation
-- Symlinking: /home/kabir-arora/rover_ws/install/rover_simulation/share/rover_simulation/cmake/rover_simulationConfig.cmake
-- Symlinking: /home/kabir-arora/rover_ws/install/rover_simulation/share/rover_simulation/cmake/rover_simulationConfig-version.cmake
-- Symlinking: /home/kabir-arora/rover_ws/install/rover_simulation/share/rover_simulation/package.xml
-- Symlinking: /home/kabir-arora/rover_ws/install/rover_simulation/share/rover_simulation/models/HD2/materials/scripts/model.material
-- Symlinking: /home/kabir-arora/rover_ws/install/rover_simulation/share/rover_simulation/models/HD2/materials/textures/HD2_Albedo.jpg
-- Symlinking: /home/kabir-arora/rover_ws/install/rover_simulation/share/rover_simulation/models/HD2/materials/textures/HD2_Metalness.jpg
-- Symlinking: /home/kabir-arora/rover_ws/install/rover_simulation/share/rover_simulation/models/HD2/materials/textures/HD2_Roughness.jpg
-- Symlinking: /home/kabir-arora/rover_ws/install/rover_simulation/share/rover_simulation/models/HD2/meshes/hd2.dae
-- Symlinking: /home/kabir-arora/rover_ws/install/rover_simulation/share/rover_simulation/models/HD2/model.config
-- Symlinking: /home/kabir-arora/rover_ws/install/rover_simulation/share/rover_simulation/models/HD2/model.sdf
-- Symlinking: /home/kabir-arora/rover_ws/install/rover_simulation/share/rover_simulation/models/HD2/thumbnails/1.jpg
-- Symlinking: /home/kabir-arora/rover_ws/install/rover_simulation/share/rover_simulation/models/HD2/thumbnails/2.jpg
-- Symlinking: /home/kabir-arora/rover_ws/install/rover_simulation/share/rover_simulation/models/HD2/thumbnails/3.jpg
-- Symlinking: /home/kabir-arora/rover_ws/install/rover_simulation/share/rover_simulation/models/HD2/thumbnails/4.jpg
-- Symlinking: /home/kabir-arora/rover_ws/install/rover_simulation/share/rover_simulation/worlds/challenge_world.sdf
