[0.097s] DEBUG:colcon:Command line arguments: ['/usr/bin/colcon', 'build', '--symlink-install']
[0.097s] DEBUG:colcon:Parsed command line arguments: Namespace(log_base=None, log_level=None, verb_name='build', build_base='build', install_base='install', merge_install=False, symlink_install=True, test_result_base=None, continue_on_error=False, executor='parallel', parallel_workers=4, event_handlers=None, ignore_user_meta=False, metas=['./colcon.meta'], base_paths=['.'], packages_ignore=None, packages_ignore_regex=None, paths=None, packages_up_to=None, packages_up_to_regex=None, packages_above=None, packages_above_and_dependencies=None, packages_above_depth=None, packages_select_by_dep=None, packages_skip_by_dep=None, packages_skip_up_to=None, packages_select_build_failed=False, packages_skip_build_finished=False, packages_select_test_failures=False, packages_skip_test_passed=False, packages_select=None, packages_skip=None, packages_select_regex=None, packages_skip_regex=None, packages_start=None, packages_end=None, allow_overriding=[], cmake_args=None, cmake_target=None, cmake_target_skip_unavailable=False, cmake_clean_cache=False, cmake_clean_first=False, cmake_force_configure=False, ament_cmake_args=None, catkin_cmake_args=None, catkin_skip_building_tests=False, mixin_files=None, mixin=None, verb_parser=<colcon_mixin.mixin.mixin_argument.MixinArgumentDecorator object at 0xf5f16d5094f0>, verb_extension=<colcon_core.verb.build.BuildVerb object at 0xf5f16d509100>, main=<bound method BuildVerb.main of <colcon_core.verb.build.BuildVerb object at 0xf5f16d509100>>, mixin_verb=('build',))
[0.130s] Level 1:colcon.colcon_core.package_discovery:discover_packages(colcon_meta) check parameters
[0.130s] Level 1:colcon.colcon_core.package_discovery:discover_packages(recursive) check parameters
[0.130s] Level 1:colcon.colcon_core.package_discovery:discover_packages(ignore) check parameters
[0.130s] Level 1:colcon.colcon_core.package_discovery:discover_packages(path) check parameters
[0.130s] Level 1:colcon.colcon_core.package_discovery:discover_packages(colcon_meta) discover
[0.130s] Level 1:colcon.colcon_core.package_discovery:discover_packages(recursive) discover
[0.130s] INFO:colcon.colcon_core.package_discovery:Crawling recursively for packages in '/home/kabir-arora/rover_ws'
[0.130s] Level 1:colcon.colcon_core.package_identification:_identify(.) by extensions ['ignore', 'ignore_ament_install']
[0.130s] Level 1:colcon.colcon_core.package_identification:_identify(.) by extension 'ignore'
[0.130s] Level 1:colcon.colcon_core.package_identification:_identify(.) by extension 'ignore_ament_install'
[0.130s] Level 1:colcon.colcon_core.package_identification:_identify(.) by extensions ['colcon_pkg']
[0.130s] Level 1:colcon.colcon_core.package_identification:_identify(.) by extension 'colcon_pkg'
[0.130s] Level 1:colcon.colcon_core.package_identification:_identify(.) by extensions ['colcon_meta']
[0.130s] Level 1:colcon.colcon_core.package_identification:_identify(.) by extension 'colcon_meta'
[0.130s] Level 1:colcon.colcon_core.package_identification:_identify(.) by extensions ['ros']
[0.130s] Level 1:colcon.colcon_core.package_identification:_identify(.) by extension 'ros'
[0.150s] Level 1:colcon.colcon_core.package_identification:_identify(.) by extensions ['cmake', 'python']
[0.151s] Level 1:colcon.colcon_core.package_identification:_identify(.) by extension 'cmake'
[0.151s] Level 1:colcon.colcon_core.package_identification:_identify(.) by extension 'python'
[0.151s] Level 1:colcon.colcon_core.package_identification:_identify(.) by extensions ['python_setup_py']
[0.151s] Level 1:colcon.colcon_core.package_identification:_identify(.) by extension 'python_setup_py'
[0.151s] Level 1:colcon.colcon_core.package_identification:_identify(build) by extensions ['ignore', 'ignore_ament_install']
[0.151s] Level 1:colcon.colcon_core.package_identification:_identify(build) by extension 'ignore'
[0.151s] Level 1:colcon.colcon_core.package_identification:_identify(build) ignored
[0.151s] Level 1:colcon.colcon_core.package_identification:_identify(install) by extensions ['ignore', 'ignore_ament_install']
[0.151s] Level 1:colcon.colcon_core.package_identification:_identify(install) by extension 'ignore'
[0.151s] Level 1:colcon.colcon_core.package_identification:_identify(install) ignored
[0.151s] Level 1:colcon.colcon_core.package_identification:_identify(log) by extensions ['ignore', 'ignore_ament_install']
[0.151s] Level 1:colcon.colcon_core.package_identification:_identify(log) by extension 'ignore'
[0.151s] Level 1:colcon.colcon_core.package_identification:_identify(log) ignored
[0.151s] Level 1:colcon.colcon_core.package_identification:_identify(src) by extensions ['ignore', 'ignore_ament_install']
[0.151s] Level 1:colcon.colcon_core.package_identification:_identify(src) by extension 'ignore'
[0.151s] Level 1:colcon.colcon_core.package_identification:_identify(src) by extension 'ignore_ament_install'
[0.152s] Level 1:colcon.colcon_core.package_identification:_identify(src) by extensions ['colcon_pkg']
[0.152s] Level 1:colcon.colcon_core.package_identification:_identify(src) by extension 'colcon_pkg'
[0.152s] Level 1:colcon.colcon_core.package_identification:_identify(src) by extensions ['colcon_meta']
[0.152s] Level 1:colcon.colcon_core.package_identification:_identify(src) by extension 'colcon_meta'
[0.152s] Level 1:colcon.colcon_core.package_identification:_identify(src) by extensions ['ros']
[0.152s] Level 1:colcon.colcon_core.package_identification:_identify(src) by extension 'ros'
[0.152s] Level 1:colcon.colcon_core.package_identification:_identify(src) by extensions ['cmake', 'python']
[0.152s] Level 1:colcon.colcon_core.package_identification:_identify(src) by extension 'cmake'
[0.152s] Level 1:colcon.colcon_core.package_identification:_identify(src) by extension 'python'
[0.152s] Level 1:colcon.colcon_core.package_identification:_identify(src) by extensions ['python_setup_py']
[0.152s] Level 1:colcon.colcon_core.package_identification:_identify(src) by extension 'python_setup_py'
[0.152s] Level 1:colcon.colcon_core.package_identification:_identify(src/rover_navigation) by extensions ['ignore', 'ignore_ament_install']
[0.152s] Level 1:colcon.colcon_core.package_identification:_identify(src/rover_navigation) by extension 'ignore'
[0.152s] Level 1:colcon.colcon_core.package_identification:_identify(src/rover_navigation) by extension 'ignore_ament_install'
[0.152s] Level 1:colcon.colcon_core.package_identification:_identify(src/rover_navigation) by extensions ['colcon_pkg']
[0.152s] Level 1:colcon.colcon_core.package_identification:_identify(src/rover_navigation) by extension 'colcon_pkg'
[0.152s] Level 1:colcon.colcon_core.package_identification:_identify(src/rover_navigation) by extensions ['colcon_meta']
[0.152s] Level 1:colcon.colcon_core.package_identification:_identify(src/rover_navigation) by extension 'colcon_meta'
[0.152s] Level 1:colcon.colcon_core.package_identification:_identify(src/rover_navigation) by extensions ['ros']
[0.152s] Level 1:colcon.colcon_core.package_identification:_identify(src/rover_navigation) by extension 'ros'
[0.154s] DEBUG:colcon.colcon_core.package_identification:Package 'src/rover_navigation' with type 'ros.ament_python' and name 'rover_navigation'
[0.154s] Level 1:colcon.colcon_core.package_identification:_identify(src/rover_simulation) by extensions ['ignore', 'ignore_ament_install']
[0.154s] Level 1:colcon.colcon_core.package_identification:_identify(src/rover_simulation) by extension 'ignore'
[0.154s] Level 1:colcon.colcon_core.package_identification:_identify(src/rover_simulation) by extension 'ignore_ament_install'
[0.154s] Level 1:colcon.colcon_core.package_identification:_identify(src/rover_simulation) by extensions ['colcon_pkg']
[0.154s] Level 1:colcon.colcon_core.package_identification:_identify(src/rover_simulation) by extension 'colcon_pkg'
[0.154s] Level 1:colcon.colcon_core.package_identification:_identify(src/rover_simulation) by extensions ['colcon_meta']
[0.154s] Level 1:colcon.colcon_core.package_identification:_identify(src/rover_simulation) by extension 'colcon_meta'
[0.154s] Level 1:colcon.colcon_core.package_identification:_identify(src/rover_simulation) by extensions ['ros']
[0.154s] Level 1:colcon.colcon_core.package_identification:_identify(src/rover_simulation) by extension 'ros'
[0.155s] DEBUG:colcon.colcon_core.package_identification:Package 'src/rover_simulation' with type 'ros.ament_cmake' and name 'rover_simulation'
[0.155s] Level 1:colcon.colcon_core.package_discovery:discover_packages(recursive) using defaults
[0.155s] Level 1:colcon.colcon_core.package_discovery:discover_packages(ignore) discover
[0.155s] Level 1:colcon.colcon_core.package_discovery:discover_packages(ignore) using defaults
[0.155s] Level 1:colcon.colcon_core.package_discovery:discover_packages(path) discover
[0.155s] Level 1:colcon.colcon_core.package_discovery:discover_packages(path) using defaults
[0.169s] Level 1:colcon.colcon_core.package_discovery:discover_packages(prefix_path) check parameters
[0.169s] Level 1:colcon.colcon_core.package_discovery:discover_packages(prefix_path) discover
[0.170s] DEBUG:colcon.colcon_installed_package_information.package_discovery:Found 2 installed packages in /home/kabir-arora/rover_ws/install
[0.171s] DEBUG:colcon.colcon_installed_package_information.package_discovery:Found 319 installed packages in /opt/ros/jazzy
[0.172s] Level 1:colcon.colcon_core.package_discovery:discover_packages(prefix_path) using defaults
[0.208s] Level 5:colcon.colcon_core.verb:set package 'rover_navigation' build argument 'cmake_args' from command line to 'None'
[0.208s] Level 5:colcon.colcon_core.verb:set package 'rover_navigation' build argument 'cmake_target' from command line to 'None'
[0.208s] Level 5:colcon.colcon_core.verb:set package 'rover_navigation' build argument 'cmake_target_skip_unavailable' from command line to 'False'
[0.208s] Level 5:colcon.colcon_core.verb:set package 'rover_navigation' build argument 'cmake_clean_cache' from command line to 'False'
[0.208s] Level 5:colcon.colcon_core.verb:set package 'rover_navigation' build argument 'cmake_clean_first' from command line to 'False'
[0.208s] Level 5:colcon.colcon_core.verb:set package 'rover_navigation' build argument 'cmake_force_configure' from command line to 'False'
[0.208s] Level 5:colcon.colcon_core.verb:set package 'rover_navigation' build argument 'ament_cmake_args' from command line to 'None'
[0.208s] Level 5:colcon.colcon_core.verb:set package 'rover_navigation' build argument 'catkin_cmake_args' from command line to 'None'
[0.208s] Level 5:colcon.colcon_core.verb:set package 'rover_navigation' build argument 'catkin_skip_building_tests' from command line to 'False'
[0.208s] DEBUG:colcon.colcon_core.verb:Building package 'rover_navigation' with the following arguments: {'ament_cmake_args': None, 'build_base': '/home/kabir-arora/rover_ws/build/rover_navigation', 'catkin_cmake_args': None, 'catkin_skip_building_tests': False, 'cmake_args': None, 'cmake_clean_cache': False, 'cmake_clean_first': False, 'cmake_force_configure': False, 'cmake_target': None, 'cmake_target_skip_unavailable': False, 'install_base': '/home/kabir-arora/rover_ws/install/rover_navigation', 'merge_install': False, 'path': '/home/kabir-arora/rover_ws/src/rover_navigation', 'symlink_install': True, 'test_result_base': None}
[0.209s] Level 5:colcon.colcon_core.verb:set package 'rover_simulation' build argument 'cmake_args' from command line to 'None'
[0.209s] Level 5:colcon.colcon_core.verb:set package 'rover_simulation' build argument 'cmake_target' from command line to 'None'
[0.209s] Level 5:colcon.colcon_core.verb:set package 'rover_simulation' build argument 'cmake_target_skip_unavailable' from command line to 'False'
[0.209s] Level 5:colcon.colcon_core.verb:set package 'rover_simulation' build argument 'cmake_clean_cache' from command line to 'False'
[0.209s] Level 5:colcon.colcon_core.verb:set package 'rover_simulation' build argument 'cmake_clean_first' from command line to 'False'
[0.209s] Level 5:colcon.colcon_core.verb:set package 'rover_simulation' build argument 'cmake_force_configure' from command line to 'False'
[0.209s] Level 5:colcon.colcon_core.verb:set package 'rover_simulation' build argument 'ament_cmake_args' from command line to 'None'
[0.209s] Level 5:colcon.colcon_core.verb:set package 'rover_simulation' build argument 'catkin_cmake_args' from command line to 'None'
[0.209s] Level 5:colcon.colcon_core.verb:set package 'rover_simulation' build argument 'catkin_skip_building_tests' from command line to 'False'
[0.209s] DEBUG:colcon.colcon_core.verb:Building package 'rover_simulation' with the following arguments: {'ament_cmake_args': None, 'build_base': '/home/kabir-arora/rover_ws/build/rover_simulation', 'catkin_cmake_args': None, 'catkin_skip_building_tests': False, 'cmake_args': None, 'cmake_clean_cache': False, 'cmake_clean_first': False, 'cmake_force_configure': False, 'cmake_target': None, 'cmake_target_skip_unavailable': False, 'install_base': '/home/kabir-arora/rover_ws/install/rover_simulation', 'merge_install': False, 'path': '/home/kabir-arora/rover_ws/src/rover_simulation', 'symlink_install': True, 'test_result_base': None}
[0.209s] INFO:colcon.colcon_core.executor:Executing jobs using 'parallel' executor
[0.210s] DEBUG:colcon.colcon_parallel_executor.executor.parallel:run_until_complete
[0.211s] INFO:colcon.colcon_ros.task.ament_python.build:Building ROS package in '/home/kabir-arora/rover_ws/src/rover_navigation' with build type 'ament_python'
[0.212s] Level 1:colcon.colcon_core.shell:create_environment_hook('rover_navigation', 'ament_prefix_path')
[0.214s] INFO:colcon.colcon_core.plugin_system:Skipping extension 'colcon_core.shell.bat': Not used on non-Windows systems
[0.214s] INFO:colcon.colcon_core.shell:Creating environment hook '/home/kabir-arora/rover_ws/install/rover_navigation/share/rover_navigation/hook/ament_prefix_path.ps1'
[0.214s] INFO:colcon.colcon_core.shell:Creating environment descriptor '/home/kabir-arora/rover_ws/install/rover_navigation/share/rover_navigation/hook/ament_prefix_path.dsv'
[0.215s] INFO:colcon.colcon_core.shell:Creating environment hook '/home/kabir-arora/rover_ws/install/rover_navigation/share/rover_navigation/hook/ament_prefix_path.sh'
[0.215s] INFO:colcon.colcon_core.shell:Skip shell extension 'powershell' for command environment: Not usable outside of PowerShell
[0.216s] DEBUG:colcon.colcon_core.shell:Skip shell extension 'dsv' for command environment
[0.218s] INFO:colcon.colcon_ros.task.ament_cmake.build:Building ROS package in '/home/kabir-arora/rover_ws/src/rover_simulation' with build type 'ament_cmake'
[0.218s] INFO:colcon.colcon_cmake.task.cmake.build:Building CMake package in '/home/kabir-arora/rover_ws/src/rover_simulation'
[0.219s] INFO:colcon.colcon_core.shell:Skip shell extension 'powershell' for command environment: Not usable outside of PowerShell
[0.219s] DEBUG:colcon.colcon_core.shell:Skip shell extension 'dsv' for command environment
[0.392s] INFO:colcon.colcon_core.task.python.build:Building Python package in '/home/kabir-arora/rover_ws/src/rover_navigation'
[0.393s] INFO:colcon.colcon_core.shell:Skip shell extension 'powershell' for command environment: Not usable outside of PowerShell
[0.393s] DEBUG:colcon.colcon_core.shell:Skip shell extension 'dsv' for command environment
[0.400s] DEBUG:colcon.colcon_core.event_handler.log_command:Invoking command in '/home/kabir-arora/rover_ws/build/rover_simulation': CMAKE_PREFIX_PATH=${CMAKE_PREFIX_PATH}:/home/kabir-arora/rover_ws/install/rover_navigation:/opt/ros/jazzy DEBUGINFOD_URLS=https://debuginfod.ubuntu.com /usr/bin/cmake --build /home/kabir-arora/rover_ws/build/rover_simulation -- -j4 -l4
[0.449s] DEBUG:colcon.colcon_core.event_handler.log_command:Invoked command in '/home/kabir-arora/rover_ws/build/rover_simulation' returned '0': CMAKE_PREFIX_PATH=${CMAKE_PREFIX_PATH}:/home/kabir-arora/rover_ws/install/rover_navigation:/opt/ros/jazzy DEBUGINFOD_URLS=https://debuginfod.ubuntu.com /usr/bin/cmake --build /home/kabir-arora/rover_ws/build/rover_simulation -- -j4 -l4
[0.456s] DEBUG:colcon.colcon_core.event_handler.log_command:Invoking command in '/home/kabir-arora/rover_ws/build/rover_simulation': CMAKE_PREFIX_PATH=${CMAKE_PREFIX_PATH}:/home/kabir-arora/rover_ws/install/rover_navigation:/opt/ros/jazzy DEBUGINFOD_URLS=https://debuginfod.ubuntu.com /usr/bin/cmake --install /home/kabir-arora/rover_ws/build/rover_simulation
[0.479s] Level 1:colcon.colcon_core.environment:create_environment_scripts_only(rover_simulation)
[0.480s] DEBUG:colcon.colcon_core.event_handler.log_command:Invoked command in '/home/kabir-arora/rover_ws/build/rover_simulation' returned '0': CMAKE_PREFIX_PATH=${CMAKE_PREFIX_PATH}:/home/kabir-arora/rover_ws/install/rover_navigation:/opt/ros/jazzy DEBUGINFOD_URLS=https://debuginfod.ubuntu.com /usr/bin/cmake --install /home/kabir-arora/rover_ws/build/rover_simulation
[0.483s] Level 1:colcon.colcon_core.environment:checking '/home/kabir-arora/rover_ws/install/rover_simulation' for CMake module files
[0.483s] Level 1:colcon.colcon_core.environment:checking '/home/kabir-arora/rover_ws/install/rover_simulation' for CMake config files
[0.483s] Level 1:colcon.colcon_core.shell:create_environment_hook('rover_simulation', 'cmake_prefix_path')
[0.483s] INFO:colcon.colcon_core.shell:Creating environment hook '/home/kabir-arora/rover_ws/install/rover_simulation/share/rover_simulation/hook/cmake_prefix_path.ps1'
[0.485s] INFO:colcon.colcon_core.shell:Creating environment descriptor '/home/kabir-arora/rover_ws/install/rover_simulation/share/rover_simulation/hook/cmake_prefix_path.dsv'
[0.485s] INFO:colcon.colcon_core.shell:Creating environment hook '/home/kabir-arora/rover_ws/install/rover_simulation/share/rover_simulation/hook/cmake_prefix_path.sh'
[0.487s] Level 1:colcon.colcon_core.environment:checking '/home/kabir-arora/rover_ws/install/rover_simulation/bin'
[0.487s] Level 1:colcon.colcon_core.environment:checking '/home/kabir-arora/rover_ws/install/rover_simulation/lib/pkgconfig/rover_simulation.pc'
[0.487s] Level 1:colcon.colcon_core.environment:checking '/home/kabir-arora/rover_ws/install/rover_simulation/lib/python3.12/site-packages'
[0.488s] Level 1:colcon.colcon_core.environment:checking '/home/kabir-arora/rover_ws/install/rover_simulation/bin'
[0.489s] INFO:colcon.colcon_core.shell:Creating package script '/home/kabir-arora/rover_ws/install/rover_simulation/share/rover_simulation/package.ps1'
[0.489s] INFO:colcon.colcon_core.shell:Creating package descriptor '/home/kabir-arora/rover_ws/install/rover_simulation/share/rover_simulation/package.dsv'
[0.490s] INFO:colcon.colcon_core.shell:Creating package script '/home/kabir-arora/rover_ws/install/rover_simulation/share/rover_simulation/package.sh'
[0.490s] INFO:colcon.colcon_core.shell:Creating package script '/home/kabir-arora/rover_ws/install/rover_simulation/share/rover_simulation/package.bash'
[0.491s] INFO:colcon.colcon_core.shell:Creating package script '/home/kabir-arora/rover_ws/install/rover_simulation/share/rover_simulation/package.zsh'
[0.491s] Level 1:colcon.colcon_core.environment:create_file_with_runtime_dependencies(/home/kabir-arora/rover_ws/install/rover_simulation/share/colcon-core/packages/rover_simulation)
[0.492s] Level 1:colcon.colcon_core.environment:create_environment_scripts_only(rover_simulation)
[0.492s] Level 1:colcon.colcon_core.environment:checking '/home/kabir-arora/rover_ws/install/rover_simulation' for CMake module files
[0.492s] Level 1:colcon.colcon_core.environment:checking '/home/kabir-arora/rover_ws/install/rover_simulation' for CMake config files
[0.493s] Level 1:colcon.colcon_core.shell:create_environment_hook('rover_simulation', 'cmake_prefix_path')
[0.493s] INFO:colcon.colcon_core.shell:Creating environment hook '/home/kabir-arora/rover_ws/install/rover_simulation/share/rover_simulation/hook/cmake_prefix_path.ps1'
[0.496s] INFO:colcon.colcon_core.shell:Creating environment descriptor '/home/kabir-arora/rover_ws/install/rover_simulation/share/rover_simulation/hook/cmake_prefix_path.dsv'
[0.496s] INFO:colcon.colcon_core.shell:Creating environment hook '/home/kabir-arora/rover_ws/install/rover_simulation/share/rover_simulation/hook/cmake_prefix_path.sh'
[0.499s] Level 1:colcon.colcon_core.environment:checking '/home/kabir-arora/rover_ws/install/rover_simulation/bin'
[0.499s] Level 1:colcon.colcon_core.environment:checking '/home/kabir-arora/rover_ws/install/rover_simulation/lib/pkgconfig/rover_simulation.pc'
[0.499s] Level 1:colcon.colcon_core.environment:checking '/home/kabir-arora/rover_ws/install/rover_simulation/lib/python3.12/site-packages'
[0.499s] Level 1:colcon.colcon_core.environment:checking '/home/kabir-arora/rover_ws/install/rover_simulation/bin'
[0.500s] INFO:colcon.colcon_core.shell:Creating package script '/home/kabir-arora/rover_ws/install/rover_simulation/share/rover_simulation/package.ps1'
[0.500s] INFO:colcon.colcon_core.shell:Creating package descriptor '/home/kabir-arora/rover_ws/install/rover_simulation/share/rover_simulation/package.dsv'
[0.500s] INFO:colcon.colcon_core.shell:Creating package script '/home/kabir-arora/rover_ws/install/rover_simulation/share/rover_simulation/package.sh'
[0.501s] INFO:colcon.colcon_core.shell:Creating package script '/home/kabir-arora/rover_ws/install/rover_simulation/share/rover_simulation/package.bash'
[0.501s] INFO:colcon.colcon_core.shell:Creating package script '/home/kabir-arora/rover_ws/install/rover_simulation/share/rover_simulation/package.zsh'
[0.502s] Level 1:colcon.colcon_core.environment:create_file_with_runtime_dependencies(/home/kabir-arora/rover_ws/install/rover_simulation/share/colcon-core/packages/rover_simulation)
[0.833s] DEBUG:colcon.colcon_core.task.python.build:Available setuptools commands: update_catalog, setopt, build_clib, init_catalog, check, build_ext, install_lib, alias, develop, bdist_rpm, bdist_dumb, bdist, easy_install, saveopts, rotate, install_egg_info, install_data, build, symlink_data, upload_docs, sdist, editable_wheel, egg_info, bdist_egg, compile_catalog, extract_messages, upload, clean, test, install_headers, dist_info, install, install_scripts, register, build_scripts, build_py
[1.062s] DEBUG:colcon.colcon_core.task.python.build:Available setuptools 'develop' options: --optimize, --exclude-scripts, --index-url, --quiet, --no-deps, --multi-version, --build-directory, --local-snapshots-ok, --record, --prefix, --always-unzip, --install-layout, --upgrade, --uninstall, --verbose, --dry-run, --help, --force-installation-into-system-dir, --egg-path, --find-links, --install-dir, --version, --site-dirs, --no-user-cfg, --always-copy, --no-find-links, --zip-ok, --user, --allow-hosts, --script-dir, --editable
[1.065s] DEBUG:colcon.colcon_core.event_handler.log_command:Invoking command in '/home/kabir-arora/rover_ws/build/rover_navigation': DEBUGINFOD_URLS=https://debuginfod.ubuntu.com PYTHONPATH=/home/kabir-arora/rover_ws/build/rover_navigation/prefix_override:/usr/lib/python3/dist-packages/colcon_core/task/python/colcon_distutils_commands:/home/kabir-arora/rover_ws/install/rover_navigation/lib/python3.12/site-packages:${PYTHONPATH} /usr/bin/python3 -W ignore:setup.py install is deprecated -W ignore:easy_install command is deprecated setup.py develop --editable --build-directory /home/kabir-arora/rover_ws/build/rover_navigation/build --no-deps symlink_data
[1.489s] Level 1:colcon.colcon_core.shell:create_environment_hook('rover_navigation', 'pythonpath_develop')
[1.489s] INFO:colcon.colcon_core.shell:Creating environment hook '/home/kabir-arora/rover_ws/build/rover_navigation/share/rover_navigation/hook/pythonpath_develop.ps1'
[1.489s] DEBUG:colcon.colcon_core.event_handler.log_command:Invoked command in '/home/kabir-arora/rover_ws/build/rover_navigation' returned '0': DEBUGINFOD_URLS=https://debuginfod.ubuntu.com PYTHONPATH=/home/kabir-arora/rover_ws/build/rover_navigation/prefix_override:/usr/lib/python3/dist-packages/colcon_core/task/python/colcon_distutils_commands:/home/kabir-arora/rover_ws/install/rover_navigation/lib/python3.12/site-packages:${PYTHONPATH} /usr/bin/python3 -W ignore:setup.py install is deprecated -W ignore:easy_install command is deprecated setup.py develop --editable --build-directory /home/kabir-arora/rover_ws/build/rover_navigation/build --no-deps symlink_data
[1.490s] INFO:colcon.colcon_core.shell:Creating environment descriptor '/home/kabir-arora/rover_ws/build/rover_navigation/share/rover_navigation/hook/pythonpath_develop.dsv'
[1.491s] INFO:colcon.colcon_core.shell:Creating environment hook '/home/kabir-arora/rover_ws/build/rover_navigation/share/rover_navigation/hook/pythonpath_develop.sh'
[1.491s] Level 1:colcon.colcon_core.environment:checking '/home/kabir-arora/rover_ws/install/rover_navigation' for CMake module files
[1.492s] Level 1:colcon.colcon_core.environment:checking '/home/kabir-arora/rover_ws/install/rover_navigation' for CMake config files
[1.492s] Level 1:colcon.colcon_core.environment:checking '/home/kabir-arora/rover_ws/install/rover_navigation/lib'
[1.492s] Level 1:colcon.colcon_core.environment:checking '/home/kabir-arora/rover_ws/install/rover_navigation/bin'
[1.492s] Level 1:colcon.colcon_core.environment:checking '/home/kabir-arora/rover_ws/install/rover_navigation/lib/pkgconfig/rover_navigation.pc'
[1.492s] Level 1:colcon.colcon_core.environment:checking '/home/kabir-arora/rover_ws/install/rover_navigation/lib/python3.12/site-packages'
[1.492s] Level 1:colcon.colcon_core.shell:create_environment_hook('rover_navigation', 'pythonpath')
[1.493s] INFO:colcon.colcon_core.shell:Creating environment hook '/home/kabir-arora/rover_ws/install/rover_navigation/share/rover_navigation/hook/pythonpath.ps1'
[1.493s] INFO:colcon.colcon_core.shell:Creating environment descriptor '/home/kabir-arora/rover_ws/install/rover_navigation/share/rover_navigation/hook/pythonpath.dsv'
[1.493s] INFO:colcon.colcon_core.shell:Creating environment hook '/home/kabir-arora/rover_ws/install/rover_navigation/share/rover_navigation/hook/pythonpath.sh'
[1.494s] Level 1:colcon.colcon_core.environment:checking '/home/kabir-arora/rover_ws/install/rover_navigation/bin'
[1.494s] Level 1:colcon.colcon_core.environment:create_environment_scripts_only(rover_navigation)
[1.494s] INFO:colcon.colcon_core.shell:Creating package script '/home/kabir-arora/rover_ws/install/rover_navigation/share/rover_navigation/package.ps1'
[1.494s] INFO:colcon.colcon_core.shell:Creating package descriptor '/home/kabir-arora/rover_ws/install/rover_navigation/share/rover_navigation/package.dsv'
[1.495s] INFO:colcon.colcon_core.shell:Creating package script '/home/kabir-arora/rover_ws/install/rover_navigation/share/rover_navigation/package.sh'
[1.495s] INFO:colcon.colcon_core.shell:Creating package script '/home/kabir-arora/rover_ws/install/rover_navigation/share/rover_navigation/package.bash'
[1.495s] INFO:colcon.colcon_core.shell:Creating package script '/home/kabir-arora/rover_ws/install/rover_navigation/share/rover_navigation/package.zsh'
[1.496s] Level 1:colcon.colcon_core.environment:create_file_with_runtime_dependencies(/home/kabir-arora/rover_ws/install/rover_navigation/share/colcon-core/packages/rover_navigation)
[1.496s] DEBUG:colcon.colcon_parallel_executor.executor.parallel:closing loop
[1.496s] DEBUG:colcon.colcon_parallel_executor.executor.parallel:loop closed
[1.496s] DEBUG:colcon.colcon_parallel_executor.executor.parallel:run_until_complete finished with '0'
[1.496s] DEBUG:colcon.colcon_core.event_reactor:joining thread
[1.500s] INFO:colcon.colcon_core.plugin_system:Skipping extension 'colcon_notification.desktop_notification.terminal_notifier': Not used on non-Darwin systems
[1.500s] INFO:colcon.colcon_core.plugin_system:Skipping extension 'colcon_notification.desktop_notification.win32': Not used on non-Windows systems
[1.500s] INFO:colcon.colcon_notification.desktop_notification:Sending desktop notification using 'notify2'
[1.514s] DEBUG:colcon.colcon_core.event_reactor:joined thread
[1.515s] INFO:colcon.colcon_core.shell:Creating prefix script '/home/kabir-arora/rover_ws/install/local_setup.ps1'
[1.516s] INFO:colcon.colcon_core.shell:Creating prefix util module '/home/kabir-arora/rover_ws/install/_local_setup_util_ps1.py'
[1.517s] INFO:colcon.colcon_core.shell:Creating prefix chain script '/home/kabir-arora/rover_ws/install/setup.ps1'
[1.517s] INFO:colcon.colcon_core.shell:Creating prefix script '/home/kabir-arora/rover_ws/install/local_setup.sh'
[1.519s] INFO:colcon.colcon_core.shell:Creating prefix util module '/home/kabir-arora/rover_ws/install/_local_setup_util_sh.py'
[1.519s] INFO:colcon.colcon_core.shell:Creating prefix chain script '/home/kabir-arora/rover_ws/install/setup.sh'
[1.520s] INFO:colcon.colcon_core.shell:Creating prefix script '/home/kabir-arora/rover_ws/install/local_setup.bash'
[1.523s] INFO:colcon.colcon_core.shell:Creating prefix chain script '/home/kabir-arora/rover_ws/install/setup.bash'
[1.524s] INFO:colcon.colcon_core.shell:Creating prefix script '/home/kabir-arora/rover_ws/install/local_setup.zsh'
[1.524s] INFO:colcon.colcon_core.shell:Creating prefix chain script '/home/kabir-arora/rover_ws/install/setup.zsh'
