running develop
running egg_info
creating rover_navigation.egg-info
writing rover_navigation.egg-info/PKG-INFO
writing dependency_links to rover_navigation.egg-info/dependency_links.txt
writing entry points to rover_navigation.egg-info/entry_points.txt
writing requirements to rover_navigation.egg-info/requires.txt
writing top-level names to rover_navigation.egg-info/top_level.txt
writing manifest file 'rover_navigation.egg-info/SOURCES.txt'
reading manifest file 'rover_navigation.egg-info/SOURCES.txt'
writing manifest file 'rover_navigation.egg-info/SOURCES.txt'
running build_ext
Creating /home/kabir-arora/rover_ws/install/rover_navigation/lib/python3.12/site-packages/rover-navigation.egg-link (link to .)
Installing simple_navigator script to /home/kabir-arora/rover_ws/install/rover_navigation/lib/rover_navigation

Installed /home/kabir-arora/rover_ws/build/rover_navigation
running symlink_data
creating /home/kabir-arora/rover_ws/install/rover_navigation/share/ament_index
creating /home/kabir-arora/rover_ws/install/rover_navigation/share/ament_index/resource_index
creating /home/kabir-arora/rover_ws/install/rover_navigation/share/ament_index/resource_index/packages
symbolically linking /home/kabir-arora/rover_ws/build/rover_navigation/resource/rover_navigation -> /home/kabir-arora/rover_ws/install/rover_navigation/share/ament_index/resource_index/packages
symbolically linking /home/kabir-arora/rover_ws/build/rover_navigation/package.xml -> /home/kabir-arora/rover_ws/install/rover_navigation/share/rover_navigation
creating /home/kabir-arora/rover_ws/install/rover_navigation/share/rover_navigation/launch
symbolically linking /home/kabir-arora/rover_ws/build/rover_navigation/launch/navigation.launch.py -> /home/kabir-arora/rover_ws/install/rover_navigation/share/rover_navigation/launch
