[1.466s] Invoking command in '/home/kabir-arora/rover_ws/build/rover_navigation': DEBUGINFOD_URLS=https://debuginfod.ubuntu.com PYTHONPATH=/home/kabir-arora/rover_ws/build/rover_navigation/prefix_override:/usr/lib/python3/dist-packages/colcon_core/task/python/colcon_distutils_commands:/home/kabir-arora/rover_ws/install/rover_navigation/lib/python3.12/site-packages:${PYTHONPATH} /usr/bin/python3 -W ignore:setup.py install is deprecated -W ignore:easy_install command is deprecated setup.py develop --editable --build-directory /home/kabir-arora/rover_ws/build/rover_navigation/build --no-deps symlink_data
[1.708s] running develop
[1.871s] running egg_info
[1.872s] creating rover_navigation.egg-info
[1.883s] writing rover_navigation.egg-info/PKG-INFO
[1.883s] writing dependency_links to rover_navigation.egg-info/dependency_links.txt
[1.883s] writing entry points to rover_navigation.egg-info/entry_points.txt
[1.883s] writing requirements to rover_navigation.egg-info/requires.txt
[1.883s] writing top-level names to rover_navigation.egg-info/top_level.txt
[1.883s] writing manifest file 'rover_navigation.egg-info/SOURCES.txt'
[1.907s] reading manifest file 'rover_navigation.egg-info/SOURCES.txt'
[1.908s] writing manifest file 'rover_navigation.egg-info/SOURCES.txt'
[1.927s] running build_ext
[1.927s] Creating /home/kabir-arora/rover_ws/install/rover_navigation/lib/python3.12/site-packages/rover-navigation.egg-link (link to .)
[1.928s] Installing simple_navigator script to /home/kabir-arora/rover_ws/install/rover_navigation/lib/rover_navigation
[1.928s] 
[1.929s] Installed /home/kabir-arora/rover_ws/build/rover_navigation
[1.929s] running symlink_data
[1.929s] creating /home/kabir-arora/rover_ws/install/rover_navigation/share/ament_index
[1.929s] creating /home/kabir-arora/rover_ws/install/rover_navigation/share/ament_index/resource_index
[1.929s] creating /home/kabir-arora/rover_ws/install/rover_navigation/share/ament_index/resource_index/packages
[1.929s] symbolically linking /home/kabir-arora/rover_ws/build/rover_navigation/resource/rover_navigation -> /home/kabir-arora/rover_ws/install/rover_navigation/share/ament_index/resource_index/packages
[1.929s] symbolically linking /home/kabir-arora/rover_ws/build/rover_navigation/package.xml -> /home/kabir-arora/rover_ws/install/rover_navigation/share/rover_navigation
[1.929s] creating /home/kabir-arora/rover_ws/install/rover_navigation/share/rover_navigation/launch
[1.929s] symbolically linking /home/kabir-arora/rover_ws/build/rover_navigation/launch/navigation.launch.py -> /home/kabir-arora/rover_ws/install/rover_navigation/share/rover_navigation/launch
[1.976s] Invoked command in '/home/kabir-arora/rover_ws/build/rover_navigation' returned '0': DEBUGINFOD_URLS=https://debuginfod.ubuntu.com PYTHONPATH=/home/kabir-arora/rover_ws/build/rover_navigation/prefix_override:/usr/lib/python3/dist-packages/colcon_core/task/python/colcon_distutils_commands:/home/kabir-arora/rover_ws/install/rover_navigation/lib/python3.12/site-packages:${PYTHONPATH} /usr/bin/python3 -W ignore:setup.py install is deprecated -W ignore:easy_install command is deprecated setup.py develop --editable --build-directory /home/kabir-arora/rover_ws/build/rover_navigation/build --no-deps symlink_data
