-- Install configuration: ""
-- Execute custom install script
-- Up-to-date symlink: /home/kabir-arora/rover_ws/install/rover_simulation/share/ament_index/resource_index/package_run_dependencies/rover_simulation
-- Up-to-date symlink: /home/kabir-arora/rover_ws/install/rover_simulation/share/ament_index/resource_index/parent_prefix_path/rover_simulation
-- Up-to-date symlink: /home/kabir-arora/rover_ws/install/rover_simulation/share/rover_simulation/environment/ament_prefix_path.sh
-- Up-to-date symlink: /home/kabir-arora/rover_ws/install/rover_simulation/share/rover_simulation/environment/ament_prefix_path.dsv
-- Up-to-date symlink: /home/kabir-arora/rover_ws/install/rover_simulation/share/rover_simulation/environment/path.sh
-- Up-to-date symlink: /home/kabir-arora/rover_ws/install/rover_simulation/share/rover_simulation/environment/path.dsv
-- Up-to-date symlink: /home/kabir-arora/rover_ws/install/rover_simulation/share/rover_simulation/local_setup.bash
-- Up-to-date symlink: /home/kabir-arora/rover_ws/install/rover_simulation/share/rover_simulation/local_setup.sh
-- Up-to-date symlink: /home/kabir-arora/rover_ws/install/rover_simulation/share/rover_simulation/local_setup.zsh
-- Up-to-date symlink: /home/kabir-arora/rover_ws/install/rover_simulation/share/rover_simulation/local_setup.dsv
-- Symlinking: /home/kabir-arora/rover_ws/install/rover_simulation/share/rover_simulation/package.dsv
-- Up-to-date symlink: /home/kabir-arora/rover_ws/install/rover_simulation/share/ament_index/resource_index/packages/rover_simulation
-- Up-to-date symlink: /home/kabir-arora/rover_ws/install/rover_simulation/share/rover_simulation/cmake/rover_simulationConfig.cmake
-- Up-to-date symlink: /home/kabir-arora/rover_ws/install/rover_simulation/share/rover_simulation/cmake/rover_simulationConfig-version.cmake
-- Up-to-date symlink: /home/kabir-arora/rover_ws/install/rover_simulation/share/rover_simulation/package.xml
-- Up-to-date symlink: /home/kabir-arora/rover_ws/install/rover_simulation/share/rover_simulation/models/HD2/materials/scripts/model.material
-- Up-to-date symlink: /home/kabir-arora/rover_ws/install/rover_simulation/share/rover_simulation/models/HD2/materials/textures/HD2_Albedo.jpg
-- Up-to-date symlink: /home/kabir-arora/rover_ws/install/rover_simulation/share/rover_simulation/models/HD2/materials/textures/HD2_Metalness.jpg
-- Up-to-date symlink: /home/kabir-arora/rover_ws/install/rover_simulation/share/rover_simulation/models/HD2/materials/textures/HD2_Roughness.jpg
-- Up-to-date symlink: /home/kabir-arora/rover_ws/install/rover_simulation/share/rover_simulation/models/HD2/meshes/hd2.dae
-- Up-to-date symlink: /home/kabir-arora/rover_ws/install/rover_simulation/share/rover_simulation/models/HD2/model.config
-- Up-to-date symlink: /home/kabir-arora/rover_ws/install/rover_simulation/share/rover_simulation/models/HD2/model.sdf
-- Up-to-date symlink: /home/kabir-arora/rover_ws/install/rover_simulation/share/rover_simulation/models/HD2/thumbnails/1.jpg
-- Up-to-date symlink: /home/kabir-arora/rover_ws/install/rover_simulation/share/rover_simulation/models/HD2/thumbnails/2.jpg
-- Up-to-date symlink: /home/kabir-arora/rover_ws/install/rover_simulation/share/rover_simulation/models/HD2/thumbnails/3.jpg
-- Up-to-date symlink: /home/kabir-arora/rover_ws/install/rover_simulation/share/rover_simulation/models/HD2/thumbnails/4.jpg
-- Up-to-date symlink: /home/kabir-arora/rover_ws/install/rover_simulation/share/rover_simulation/worlds/challenge_world.sdf
